V1 3
FL G:/PROFIBUS/TEST_CTRL_TELEGRAM_CHECK/CTRL_TELEGRAM_CHECK.vhd 2013/01/08.16:11:14
EN work/CTRL_TELEGRAM_CHECK \
      FL G:/PROFIBUS/TEST_CTRL_TELEGRAM_CHECK/CTRL_TELEGRAM_CHECK.vhd \
      PB ieee/STD_LOGIC_1164 PB ieee/STD_LOGIC_ARITH PB ieee/STD_LOGIC_UNSIGNED
AR work/CTRL_TELEGRAM_CHECK/BEHAVIORAL \
      FL G:/PROFIBUS/TEST_CTRL_TELEGRAM_CHECK/CTRL_TELEGRAM_CHECK.vhd \
      EN work/CTRL_TELEGRAM_CHECK
