AR profibus_monitor_sch behavioral G:/Profibus/VHDL_Bausteine/PROFIBUS_MONITOR/PROFIBUS_MONITOR_SCH.vhf sub00/vhpl17
EN f_div50000 NULL G:/Profibus/VHDL_Bausteine/PROFIBUS_MONITOR/F_DIV50000_SRC.vhd sub00/vhpl00
AR ctrl_bit_register behavioral G:/Profibus/VHDL_Bausteine/PROFIBUS_MONITOR/CTRL_BIT_REGISTER.vhd sub00/vhpl09
AR ctrl_telegram_check behavioral G:/Profibus/VHDL_Bausteine/PROFIBUS_MONITOR/CTRL_TELEGRAM_CHECK.vhd sub00/vhpl15
AR ctrl_inab_input_vhdl behavioral G:/Profibus/VHDL_Bausteine/PROFIBUS_MONITOR/CTRL_InAB_INPUT_VHDL.vhd sub00/vhpl13
EN ctrl_inab_input_vhdl NULL G:/Profibus/VHDL_Bausteine/PROFIBUS_MONITOR/CTRL_InAB_INPUT_VHDL.vhd sub00/vhpl12
EN ctrl_rs232_tx_vhdl NULL G:/Profibus/VHDL_Bausteine/PROFIBUS_MONITOR/CTRL_RS232_TX_VHDL.vhd sub00/vhpl10
EN ctrl_bit_register NULL G:/Profibus/VHDL_Bausteine/PROFIBUS_MONITOR/CTRL_BIT_REGISTER.vhd sub00/vhpl08
AR f_div50000 behavioral G:/Profibus/VHDL_Bausteine/PROFIBUS_MONITOR/F_DIV50000_SRC.vhd sub00/vhpl01
AR ctrl_rs232_tx_vhdl behavioral G:/Profibus/VHDL_Bausteine/PROFIBUS_MONITOR/CTRL_RS232_TX_VHDL.vhd sub00/vhpl11
EN nib4_7seg_src NULL G:/Profibus/VHDL_Bausteine/PROFIBUS_MONITOR/NIB4_7SEG_SRC.vhd sub00/vhpl02
EN clock_single_run_src NULL G:/Profibus/VHDL_Bausteine/PROFIBUS_MONITOR/CLOCK_SINGLE_RUN_SRC.vhd sub00/vhpl04
AR deb_50mz_100ms_src behavioral G:/Profibus/VHDL_Bausteine/PROFIBUS_MONITOR/DEB_50MZ_100MS_SRC.vhd sub00/vhpl07
AR nib4_7seg_src behavioral G:/Profibus/VHDL_Bausteine/PROFIBUS_MONITOR/NIB4_7SEG_SRC.vhd sub00/vhpl03
EN profibus_monitor_sch NULL G:/Profibus/VHDL_Bausteine/PROFIBUS_MONITOR/PROFIBUS_MONITOR_SCH.vhf sub00/vhpl16
EN deb_50mz_100ms_src NULL G:/Profibus/VHDL_Bausteine/PROFIBUS_MONITOR/DEB_50MZ_100MS_SRC.vhd sub00/vhpl06
EN ctrl_telegram_check NULL G:/Profibus/VHDL_Bausteine/PROFIBUS_MONITOR/CTRL_TELEGRAM_CHECK.vhd sub00/vhpl14
AR clock_single_run_src behavioral G:/Profibus/VHDL_Bausteine/PROFIBUS_MONITOR/CLOCK_SINGLE_RUN_SRC.vhd sub00/vhpl05
