V1 25
FL C:/STUDY/UEBUNG/Studium/Profibus/TEST2_SRAM_25MHZ_255_BYTE/F_DIV50000_SRC.vhd 2012/12/07.14:32:38
EN work/F_DIV50000 \
      FL C:/STUDY/UEBUNG/Studium/Profibus/TEST2_SRAM_25MHZ_255_BYTE/F_DIV50000_SRC.vhd \
      PB ieee/STD_LOGIC_1164 PB ieee/STD_LOGIC_ARITH PB ieee/STD_LOGIC_UNSIGNED
AR work/F_DIV50000/BEHAVIORAL \
      FL C:/STUDY/UEBUNG/Studium/Profibus/TEST2_SRAM_25MHZ_255_BYTE/F_DIV50000_SRC.vhd \
      EN work/F_DIV50000
FL C:/STUDY/UEBUNG/Studium/Profibus/TEST2_SRAM_25MHZ_255_BYTE/DEB_50MZ_100MS_SRC.vhd 2012/12/07.14:32:38
EN work/DEB_50MZ_100MS_SRC \
      FL C:/STUDY/UEBUNG/Studium/Profibus/TEST2_SRAM_25MHZ_255_BYTE/DEB_50MZ_100MS_SRC.vhd \
      PB ieee/STD_LOGIC_1164 PB ieee/STD_LOGIC_ARITH PB ieee/STD_LOGIC_UNSIGNED
AR work/DEB_50MZ_100MS_SRC/BEHAVIORAL \
      FL C:/STUDY/UEBUNG/Studium/Profibus/TEST2_SRAM_25MHZ_255_BYTE/DEB_50MZ_100MS_SRC.vhd \
      EN work/DEB_50MZ_100MS_SRC
FL C:/STUDY/UEBUNG/Studium/Profibus/TEST2_SRAM_25MHZ_255_BYTE/TEST2_SRAM_25MHZ_255_BYTE.vhf 2012/12/07.17:15:50
EN work/TEST2_SRAM_25MHZ_255_BYTE \
      FL C:/STUDY/UEBUNG/Studium/Profibus/TEST2_SRAM_25MHZ_255_BYTE/TEST2_SRAM_25MHZ_255_BYTE.vhf \
      PB ieee/STD_LOGIC_1164 PH ieee/NUMERIC_STD
AR work/TEST2_SRAM_25MHZ_255_BYTE/BEHAVIORAL \
      FL C:/STUDY/UEBUNG/Studium/Profibus/TEST2_SRAM_25MHZ_255_BYTE/TEST2_SRAM_25MHZ_255_BYTE.vhf \
      EN work/TEST2_SRAM_25MHZ_255_BYTE CP SRAM_25MHZ_255_BYTE CP FD CP INV \
      CP DEB_50MZ_100MS_SRC CP CLOCK_SINGLE_RUN_SRC CP NIB4_7SEG_SRC \
      CP F_DIV50000
FL C:/STUDY/UEBUNG/Studium/Profibus/TEST2_SRAM_25MHZ_255_BYTE/CLOCK_SINGLE_RUN_SRC.vhd 2012/12/07.14:32:38
EN work/CLOCK_SINGLE_RUN_SRC \
      FL C:/STUDY/UEBUNG/Studium/Profibus/TEST2_SRAM_25MHZ_255_BYTE/CLOCK_SINGLE_RUN_SRC.vhd \
      PB ieee/STD_LOGIC_1164 PB ieee/STD_LOGIC_ARITH PB ieee/STD_LOGIC_UNSIGNED
AR work/CLOCK_SINGLE_RUN_SRC/BEHAVIORAL \
      FL C:/STUDY/UEBUNG/Studium/Profibus/TEST2_SRAM_25MHZ_255_BYTE/CLOCK_SINGLE_RUN_SRC.vhd \
      EN work/CLOCK_SINGLE_RUN_SRC
FL C:/STUDY/UEBUNG/Studium/Profibus/TEST2_SRAM_25MHZ_255_BYTE/NIB4_7SEG_SRC.vhd 2012/12/07.14:32:39
EN work/NIB4_7SEG_SRC \
      FL C:/STUDY/UEBUNG/Studium/Profibus/TEST2_SRAM_25MHZ_255_BYTE/NIB4_7SEG_SRC.vhd \
      PB ieee/STD_LOGIC_1164 PB ieee/STD_LOGIC_ARITH PB ieee/STD_LOGIC_UNSIGNED
AR work/NIB4_7SEG_SRC/BEHAVIORAL \
      FL C:/STUDY/UEBUNG/Studium/Profibus/TEST2_SRAM_25MHZ_255_BYTE/NIB4_7SEG_SRC.vhd \
      EN work/NIB4_7SEG_SRC
FL C:/STUDY/UEBUNG/Studium/Profibus/TEST2_SRAM_25MHZ_255_BYTE/SRAM_25MHZ_255_BYTE.vhd 2012/12/07.17:15:30
EN work/SRAM_25MHZ_255_BYTE \
      FL C:/STUDY/UEBUNG/Studium/Profibus/TEST2_SRAM_25MHZ_255_BYTE/SRAM_25MHZ_255_BYTE.vhd \
      PB ieee/STD_LOGIC_1164 PB ieee/STD_LOGIC_ARITH PB ieee/STD_LOGIC_UNSIGNED
AR work/SRAM_25MHZ_255_BYTE/BEHAVIORAL \
      FL C:/STUDY/UEBUNG/Studium/Profibus/TEST2_SRAM_25MHZ_255_BYTE/SRAM_25MHZ_255_BYTE.vhd \
      EN work/SRAM_25MHZ_255_BYTE
