V1 24
FL C:/STUDY/UEBUNG/Studium/Profibus/TEST_CTRL_9P6_50MHZ_SCH/F_DIV50000_SRC.vhd 2012/10/25.15:02:14
EN work/F_DIV50000 \
      FL C:/STUDY/UEBUNG/Studium/Profibus/TEST_CTRL_9P6_50MHZ_SCH/F_DIV50000_SRC.vhd \
      PB ieee/STD_LOGIC_1164 PB ieee/STD_LOGIC_ARITH PB ieee/STD_LOGIC_UNSIGNED
AR work/F_DIV50000/BEHAVIORAL \
      FL C:/STUDY/UEBUNG/Studium/Profibus/TEST_CTRL_9P6_50MHZ_SCH/F_DIV50000_SRC.vhd \
      EN work/F_DIV50000
FL C:/STUDY/UEBUNG/Studium/Profibus/TEST_CTRL_9P6_50MHZ_SCH/TEST_CTRL_9P6_50MHZ_SCH.vhf 2012/12/19.16:39:51
EN work/TEST_CTRL_9P6_50MHZ_SCH \
      FL C:/STUDY/UEBUNG/Studium/Profibus/TEST_CTRL_9P6_50MHZ_SCH/TEST_CTRL_9P6_50MHZ_SCH.vhf \
      PB ieee/STD_LOGIC_1164 PH ieee/NUMERIC_STD
AR work/TEST_CTRL_9P6_50MHZ_SCH/BEHAVIORAL \
      FL C:/STUDY/UEBUNG/Studium/Profibus/TEST_CTRL_9P6_50MHZ_SCH/TEST_CTRL_9P6_50MHZ_SCH.vhf \
      EN work/TEST_CTRL_9P6_50MHZ_SCH CP CTRL_9P6_50MHZ_VHDL \
      CP CLOCK_SINGLE_RUN_SRC CP DEB_50MZ_100MS_SRC CP F_DIV50000 CP INV \
      CP NIB4_7SEG_SRC
FL C:/STUDY/UEBUNG/Studium/Profibus/TEST_CTRL_9P6_50MHZ_SCH/CLOCK_SINGLE_RUN_SRC.vhd 2012/10/25.15:00:46
EN work/CLOCK_SINGLE_RUN_SRC \
      FL C:/STUDY/UEBUNG/Studium/Profibus/TEST_CTRL_9P6_50MHZ_SCH/CLOCK_SINGLE_RUN_SRC.vhd \
      PB ieee/STD_LOGIC_1164 PB ieee/STD_LOGIC_ARITH PB ieee/STD_LOGIC_UNSIGNED
AR work/CLOCK_SINGLE_RUN_SRC/BEHAVIORAL \
      FL C:/STUDY/UEBUNG/Studium/Profibus/TEST_CTRL_9P6_50MHZ_SCH/CLOCK_SINGLE_RUN_SRC.vhd \
      EN work/CLOCK_SINGLE_RUN_SRC
FL C:/STUDY/UEBUNG/Studium/Profibus/TEST_CTRL_9P6_50MHZ_SCH/DEB_50MZ_100MS_SRC.vhd 2012/10/25.15:01:46
EN work/DEB_50MZ_100MS_SRC \
      FL C:/STUDY/UEBUNG/Studium/Profibus/TEST_CTRL_9P6_50MHZ_SCH/DEB_50MZ_100MS_SRC.vhd \
      PB ieee/STD_LOGIC_1164 PB ieee/STD_LOGIC_ARITH PB ieee/STD_LOGIC_UNSIGNED
AR work/DEB_50MZ_100MS_SRC/BEHAVIORAL \
      FL C:/STUDY/UEBUNG/Studium/Profibus/TEST_CTRL_9P6_50MHZ_SCH/DEB_50MZ_100MS_SRC.vhd \
      EN work/DEB_50MZ_100MS_SRC
FL C:/STUDY/UEBUNG/Studium/Profibus/TEST_CTRL_9P6_50MHZ_SCH/CTRL_9P6_50MHZ.vhd 2012/12/19.16:38:17
EN work/CTRL_9P6_50MHZ_VHDL \
      FL C:/STUDY/UEBUNG/Studium/Profibus/TEST_CTRL_9P6_50MHZ_SCH/CTRL_9P6_50MHZ.vhd \
      PB ieee/STD_LOGIC_1164 PB ieee/STD_LOGIC_ARITH PB ieee/STD_LOGIC_UNSIGNED
AR work/CTRL_9P6_50MHZ_VHDL/BEHAVIORAL \
      FL C:/STUDY/UEBUNG/Studium/Profibus/TEST_CTRL_9P6_50MHZ_SCH/CTRL_9P6_50MHZ.vhd \
      EN work/CTRL_9P6_50MHZ_VHDL
FL C:/STUDY/UEBUNG/Studium/Profibus/TEST_CTRL_9P6_50MHZ_SCH/NIB4_7SEG_SRC.vhd 2012/10/25.15:20:00
EN work/NIB4_7SEG_SRC \
      FL C:/STUDY/UEBUNG/Studium/Profibus/TEST_CTRL_9P6_50MHZ_SCH/NIB4_7SEG_SRC.vhd \
      PB ieee/STD_LOGIC_1164 PB ieee/STD_LOGIC_ARITH PB ieee/STD_LOGIC_UNSIGNED
AR work/NIB4_7SEG_SRC/BEHAVIORAL \
      FL C:/STUDY/UEBUNG/Studium/Profibus/TEST_CTRL_9P6_50MHZ_SCH/NIB4_7SEG_SRC.vhd \
      EN work/NIB4_7SEG_SRC
