V1 18
FL c:/study/uebung/studium/profibus/profi_mon_25mhz_ctrl_sram/F_DIV50000_SRC.vhd 2012/12/14.14:42:21
EN work/F_DIV50000 \
      FL c:/study/uebung/studium/profibus/profi_mon_25mhz_ctrl_sram/F_DIV50000_SRC.vhd \
      PB ieee/STD_LOGIC_1164 PB ieee/STD_LOGIC_ARITH PB ieee/STD_LOGIC_UNSIGNED
AR work/F_DIV50000/BEHAVIORAL \
      FL c:/study/uebung/studium/profibus/profi_mon_25mhz_ctrl_sram/F_DIV50000_SRC.vhd \
      EN work/F_DIV50000
FL c:/study/uebung/studium/profibus/profi_mon_25mhz_ctrl_sram/NIB4_7SEG_SRC.vhd 2012/12/14.13:42:44
EN work/NIB4_7SEG_SRC \
      FL c:/study/uebung/studium/profibus/profi_mon_25mhz_ctrl_sram/NIB4_7SEG_SRC.vhd \
      PB ieee/STD_LOGIC_1164 PB ieee/STD_LOGIC_ARITH PB ieee/STD_LOGIC_UNSIGNED
AR work/NIB4_7SEG_SRC/BEHAVIORAL \
      FL c:/study/uebung/studium/profibus/profi_mon_25mhz_ctrl_sram/NIB4_7SEG_SRC.vhd \
      EN work/NIB4_7SEG_SRC
FL c:/study/uebung/studium/profibus/profi_mon_25mhz_ctrl_sram/CLOCK_SINGLE_RUN_SRC.vhd 2012/12/14.16:41:25
EN work/CLOCK_SINGLE_RUN_SRC \
      FL c:/study/uebung/studium/profibus/profi_mon_25mhz_ctrl_sram/CLOCK_SINGLE_RUN_SRC.vhd \
      PB ieee/STD_LOGIC_1164 PB ieee/STD_LOGIC_ARITH PB ieee/STD_LOGIC_UNSIGNED
AR work/CLOCK_SINGLE_RUN_SRC/BEHAVIORAL \
      FL c:/study/uebung/studium/profibus/profi_mon_25mhz_ctrl_sram/CLOCK_SINGLE_RUN_SRC.vhd \
      EN work/CLOCK_SINGLE_RUN_SRC
FL c:/study/uebung/studium/profibus/profi_mon_25mhz_ctrl_sram/DEB_50MZ_100MS_SRC.vhd 2012/12/14.15:41:47
EN work/DEB_50MZ_100MS_SRC \
      FL c:/study/uebung/studium/profibus/profi_mon_25mhz_ctrl_sram/DEB_50MZ_100MS_SRC.vhd \
      PB ieee/STD_LOGIC_1164 PB ieee/STD_LOGIC_ARITH PB ieee/STD_LOGIC_UNSIGNED
AR work/DEB_50MZ_100MS_SRC/BEHAVIORAL \
      FL c:/study/uebung/studium/profibus/profi_mon_25mhz_ctrl_sram/DEB_50MZ_100MS_SRC.vhd \
      EN work/DEB_50MZ_100MS_SRC
FL c:/study/uebung/studium/profibus/profi_mon_25mhz_ctrl_sram/SRAM_25MHZ_255_BYTE.vhd 2012/12/14.12:32:30
EN work/SRAM_25MHZ_255_BYTE \
      FL c:/study/uebung/studium/profibus/profi_mon_25mhz_ctrl_sram/SRAM_25MHZ_255_BYTE.vhd \
      PB ieee/STD_LOGIC_1164 PB ieee/STD_LOGIC_ARITH PB ieee/STD_LOGIC_UNSIGNED
AR work/SRAM_25MHZ_255_BYTE/BEHAVIORAL \
      FL c:/study/uebung/studium/profibus/profi_mon_25mhz_ctrl_sram/SRAM_25MHZ_255_BYTE.vhd \
      EN work/SRAM_25MHZ_255_BYTE
FL c:/study/uebung/studium/profibus/profi_mon_25mhz_ctrl_sram/CTRL_9P6_50MHZ.vhd 2012/12/14.11:32:51
EN work/CTRL_9P6_50MHZ_VHDL \
      FL c:/study/uebung/studium/profibus/profi_mon_25mhz_ctrl_sram/CTRL_9P6_50MHZ.vhd \
      PB ieee/STD_LOGIC_1164 PB ieee/STD_LOGIC_ARITH PB ieee/STD_LOGIC_UNSIGNED
AR work/CTRL_9P6_50MHZ_VHDL/BEHAVIORAL \
      FL c:/study/uebung/studium/profibus/profi_mon_25mhz_ctrl_sram/CTRL_9P6_50MHZ.vhd \
      EN work/CTRL_9P6_50MHZ_VHDL
