V1 36
FL G:/Profibus/VHDL_Bausteine/PROFIBUS_MONITOR/CLOCK_SINGLE_RUN_SRC.vhd 2013/01/18.12:19:40
EN work/CLOCK_SINGLE_RUN_SRC \
      FL G:/Profibus/VHDL_Bausteine/PROFIBUS_MONITOR/CLOCK_SINGLE_RUN_SRC.vhd \
      PB ieee/STD_LOGIC_1164 PB ieee/STD_LOGIC_ARITH PB ieee/STD_LOGIC_UNSIGNED
AR work/CLOCK_SINGLE_RUN_SRC/BEHAVIORAL \
      FL G:/Profibus/VHDL_Bausteine/PROFIBUS_MONITOR/CLOCK_SINGLE_RUN_SRC.vhd \
      EN work/CLOCK_SINGLE_RUN_SRC
FL G:/Profibus/VHDL_Bausteine/PROFIBUS_MONITOR/PROFIBUS_MONITOR_SCH.vhf 2013/04/12.17:21:50
EN work/PROFIBUS_MONITOR_SCH \
      FL G:/Profibus/VHDL_Bausteine/PROFIBUS_MONITOR/PROFIBUS_MONITOR_SCH.vhf \
      PB ieee/STD_LOGIC_1164 PH ieee/NUMERIC_STD
AR work/PROFIBUS_MONITOR_SCH/BEHAVIORAL \
      FL G:/Profibus/VHDL_Bausteine/PROFIBUS_MONITOR/PROFIBUS_MONITOR_SCH.vhf \
      EN work/PROFIBUS_MONITOR_SCH CP F_DIV50000 CP NIB4_7SEG_SRC CP INV \
      CP CLOCK_SINGLE_RUN_SRC CP DEB_50MZ_100MS_SRC CP CTRL_BIT_REGISTER \
      CP CTRL_RS232_TX_VHDL CP CTRL_INAB_INPUT_VHDL CP CTRL_TELEGRAM_CHECK
FL G:/Profibus/VHDL_Bausteine/PROFIBUS_MONITOR/CTRL_TELEGRAM_CHECK.vhd 2013/01/29.13:39:32
EN work/CTRL_TELEGRAM_CHECK \
      FL G:/Profibus/VHDL_Bausteine/PROFIBUS_MONITOR/CTRL_TELEGRAM_CHECK.vhd \
      PB ieee/STD_LOGIC_1164 PB ieee/STD_LOGIC_ARITH PB ieee/STD_LOGIC_UNSIGNED
AR work/CTRL_TELEGRAM_CHECK/BEHAVIORAL \
      FL G:/Profibus/VHDL_Bausteine/PROFIBUS_MONITOR/CTRL_TELEGRAM_CHECK.vhd \
      EN work/CTRL_TELEGRAM_CHECK
FL G:/Profibus/VHDL_Bausteine/PROFIBUS_MONITOR/NIB4_7SEG_SRC.vhd 2013/01/18.12:19:52
EN work/NIB4_7SEG_SRC \
      FL G:/Profibus/VHDL_Bausteine/PROFIBUS_MONITOR/NIB4_7SEG_SRC.vhd \
      PB ieee/STD_LOGIC_1164 PB ieee/STD_LOGIC_ARITH PB ieee/STD_LOGIC_UNSIGNED
AR work/NIB4_7SEG_SRC/BEHAVIORAL \
      FL G:/Profibus/VHDL_Bausteine/PROFIBUS_MONITOR/NIB4_7SEG_SRC.vhd \
      EN work/NIB4_7SEG_SRC
FL G:/Profibus/VHDL_Bausteine/PROFIBUS_MONITOR/DEB_50MZ_100MS_SRC.vhd 2013/01/18.12:20:28
EN work/DEB_50MZ_100MS_SRC \
      FL G:/Profibus/VHDL_Bausteine/PROFIBUS_MONITOR/DEB_50MZ_100MS_SRC.vhd \
      PB ieee/STD_LOGIC_1164 PB ieee/STD_LOGIC_ARITH PB ieee/STD_LOGIC_UNSIGNED
AR work/DEB_50MZ_100MS_SRC/BEHAVIORAL \
      FL G:/Profibus/VHDL_Bausteine/PROFIBUS_MONITOR/DEB_50MZ_100MS_SRC.vhd \
      EN work/DEB_50MZ_100MS_SRC
FL G:/Profibus/VHDL_Bausteine/PROFIBUS_MONITOR/F_DIV50000_SRC.vhd 2013/01/18.12:20:36
EN work/F_DIV50000 \
      FL G:/Profibus/VHDL_Bausteine/PROFIBUS_MONITOR/F_DIV50000_SRC.vhd \
      PB ieee/STD_LOGIC_1164 PB ieee/STD_LOGIC_ARITH PB ieee/STD_LOGIC_UNSIGNED
AR work/F_DIV50000/BEHAVIORAL \
      FL G:/Profibus/VHDL_Bausteine/PROFIBUS_MONITOR/F_DIV50000_SRC.vhd \
      EN work/F_DIV50000
FL G:/Profibus/VHDL_Bausteine/PROFIBUS_MONITOR/CTRL_InAB_INPUT_VHDL.vhd 2013/01/29.15:41:44
EN work/CTRL_INAB_INPUT_VHDL \
      FL G:/Profibus/VHDL_Bausteine/PROFIBUS_MONITOR/CTRL_InAB_INPUT_VHDL.vhd \
      PB ieee/STD_LOGIC_1164 PB ieee/STD_LOGIC_ARITH PB ieee/STD_LOGIC_UNSIGNED
AR work/CTRL_INAB_INPUT_VHDL/BEHAVIORAL \
      FL G:/Profibus/VHDL_Bausteine/PROFIBUS_MONITOR/CTRL_InAB_INPUT_VHDL.vhd \
      EN work/CTRL_INAB_INPUT_VHDL
FL G:/Profibus/VHDL_Bausteine/PROFIBUS_MONITOR/CTRL_BIT_REGISTER.vhd 2013/01/28.15:34:46
EN work/CTRL_BIT_REGISTER \
      FL G:/Profibus/VHDL_Bausteine/PROFIBUS_MONITOR/CTRL_BIT_REGISTER.vhd \
      PB ieee/STD_LOGIC_1164 PB ieee/STD_LOGIC_ARITH PB ieee/STD_LOGIC_UNSIGNED
AR work/CTRL_BIT_REGISTER/BEHAVIORAL \
      FL G:/Profibus/VHDL_Bausteine/PROFIBUS_MONITOR/CTRL_BIT_REGISTER.vhd \
      EN work/CTRL_BIT_REGISTER
FL G:/Profibus/VHDL_Bausteine/PROFIBUS_MONITOR/CTRL_RS232_TX_VHDL.vhd 2013/01/29.12:41:20
EN work/CTRL_RS232_TX_VHDL \
      FL G:/Profibus/VHDL_Bausteine/PROFIBUS_MONITOR/CTRL_RS232_TX_VHDL.vhd \
      PB ieee/STD_LOGIC_1164 PB ieee/STD_LOGIC_ARITH PB ieee/STD_LOGIC_UNSIGNED
AR work/CTRL_RS232_TX_VHDL/BEHAVIORAL \
      FL G:/Profibus/VHDL_Bausteine/PROFIBUS_MONITOR/CTRL_RS232_TX_VHDL.vhd \
      EN work/CTRL_RS232_TX_VHDL
